{
  "title": "Influencer burnout reshapes creator output",
  "text": "Long-form creators are reporting burnout and shifting to smaller series formats with seasonal breaks. Communities on Reddit and Discord echo the sentiment, praising creators who set boundaries and reduce upload frequency. Brand deals are increasingly structured around fewer, higher-quality drops instead of weekly cadence. Audiences seem to reward honesty, perceived sustainability, and creative freshness over constant presence."
}